11:58:29 **** Incremental Build of configuration Debug for project LED_GPIO_BSR ****
make -j4 all 
arm-none-eabi-gcc "../Src/main.c" -mcpu=cortex-m4 -std=gnu11 -g3 -DDEBUG -DSTM32 -DSTM32F4 -DSTM32F446RETx -DNUCLEO_F446RE -c -I../Inc -I"C:/Users/ABC/Desktop/ST-32_cube/STM32CubeF4-master/Drivers/CMSIS/Device/ST/STM32F4xx/Include" -I"C:/Users/ABC/Desktop/ST-32_cube/STM32CubeF4-master/Drivers/CMSIS/Include" -O0 -ffunction-sections -fdata-sections -Wall -fstack-usage -fcyclomatic-complexity -MMD -MP -MF"Src/main.d" -MT"Src/main.o" --specs=nano.specs -mfpu=fpv4-sp-d16 -mfloat-abi=hard -mthumb -o "Src/main.o"
arm-none-eabi-gcc -o "LED_GPIO_BSR.elf" @"objects.list"   -mcpu=cortex-m4 -T"C:\Users\ABC\Desktop\binary_updates_folder\LED_GPIO_BSR\STM32F446RETX_FLASH.ld" --specs=nosys.specs -Wl,-Map="LED_GPIO_BSR.map" -Wl,--gc-sections -static --specs=nano.specs -mfpu=fpv4-sp-d16 -mfloat-abi=hard -mthumb -Wl,--start-group -lc -lm -Wl,--end-group
Finished building target: LED_GPIO_BSR.elf
 
arm-none-eabi-size  LED_GPIO_BSR.elf 
arm-none-eabi-objdump -h -S LED_GPIO_BSR.elf  > "LED_GPIO_BSR.list"
   text	   data	    bss	    dec	    hex	filename
    816	      8	   1568	   2392	    958	LED_GPIO_BSR.elf
Finished building: default.size.stdout
 
Finished building: LED_GPIO_BSR.list
 

11:58:30 Build Finished. 0 errors, 0 warnings. (took 1s.686ms)

